2026-10-01 03:23:21 queue armed; current finetune pids=[23020, 66636]
2026-10-01 03:23:21 waiting for finetune pid [23020, 66636]
2026-10-01 03:24:22 waiting for finetune pid [23020, 66636]
2026-10-01 03:25:22 waiting for finetune pid [23020, 66636]
2026-10-01 03:26:22 waiting for finetune pid [23020, 66636]
2026-10-01 03:27:23 waiting for finetune pid [23020, 66636]
2026-10-01 03:28:23 waiting for finetune pid [23020, 66636]
2026-10-01 03:29:23 waiting for finetune pid [23020, 66636]
2026-10-01 03:30:23 waiting for finetune pid [23020, 66636]
2026-10-01 03:31:24 waiting for finetune pid [23020, 66636]
2026-10-01 03:32:24 waiting for finetune pid [23020, 66636]
2026-10-01 03:33:24 waiting for finetune pid [23020, 66636]
2026-10-01 03:34:25 waiting for finetune pid [23020, 66636]
2026-10-01 03:35:25 waiting for finetune pid [23020, 66636]
2026-10-01 03:36:25 waiting for finetune pid [23020, 66636]
2026-10-01 03:37:26 waiting for finetune pid [23020, 66636]
2026-10-01 03:38:26 waiting for finetune pid [23020, 66636]
2026-10-01 03:39:26 waiting for finetune pid [23020, 66636]
2026-10-01 03:40:27 waiting for finetune pid [23020, 66636]
2026-10-01 03:41:27 waiting for finetune pid [23020, 66636]
2026-10-01 03:42:27 waiting for finetune pid [23020, 66636]
2026-10-01 03:43:27 waiting for finetune pid [23020, 66636]
2026-10-01 03:44:28 waiting for finetune pid [23020, 66636]
2026-10-01 03:45:28 waiting for finetune pid [23020, 66636]
2026-10-01 03:46:28 waiting for finetune pid [23020, 66636]
2026-10-01 03:47:29 waiting for finetune pid [23020, 66636]
2026-10-01 03:48:29 waiting for finetune pid [23020, 66636]
2026-10-01 03:49:29 gpu free; building the no-SaaStr X-capped file
2026-10-01 03:49:30 balanced dataset {'rows_in': 42877, 'rows_out': 31874, 'blog_rows': 14586, 'x_rows_kept': 14586, 'x_documents_kept': 14405, 'dropped_youtube_saastr': 5492} -> C:\Users\okevi\SJSU\DATA298\298P\host_finetune\data\dataset_fit512_no_saastr_xcap.jsonl
2026-10-01 04:06:08 queue armed; current finetune pids=[34940, 68200]
2026-10-01 04:06:08 waiting for finetune pid [34940, 68200]
2026-10-01 04:07:09 waiting for finetune pid [34940, 68200]
2026-10-01 04:08:09 waiting for finetune pid [34940, 68200]
2026-10-01 04:09:09 waiting for finetune pid [34940, 68200]
2026-10-01 04:10:10 waiting for finetune pid [34940, 68200]
2026-10-01 04:11:10 waiting for finetune pid [34940, 68200]
2026-10-01 04:12:10 waiting for finetune pid [34940, 68200]
2026-10-01 04:13:10 waiting for finetune pid [34940, 68200]
2026-10-01 04:14:11 waiting for finetune pid [34940, 68200]
2026-10-01 04:15:11 waiting for finetune pid [34940, 68200]
2026-10-01 04:16:11 waiting for finetune pid [34940, 68200]
2026-10-01 04:17:12 waiting for finetune pid [34940, 68200]
2026-10-01 04:18:12 waiting for finetune pid [34940, 68200]
2026-10-01 04:19:12 waiting for finetune pid [34940, 68200]
2026-10-01 04:20:13 waiting for finetune pid [34940, 68200]
2026-10-01 04:21:13 waiting for finetune pid [34940, 68200]
2026-10-01 04:22:13 waiting for finetune pid [34940, 68200]
2026-10-01 04:23:14 waiting for finetune pid [34940, 68200]
2026-10-01 04:24:14 waiting for finetune pid [34940, 68200]
2026-10-01 04:25:14 waiting for finetune pid [34940, 68200]
2026-10-01 04:26:14 waiting for finetune pid [34940, 68200]
2026-10-01 04:27:15 waiting for finetune pid [34940, 68200]
2026-10-01 04:28:15 waiting for finetune pid [34940, 68200]
2026-10-01 04:29:15 waiting for finetune pid [34940, 68200]
2026-10-01 04:30:16 waiting for finetune pid [34940, 68200]
2026-10-01 04:31:16 waiting for finetune pid [34940, 68200]
2026-10-01 04:32:16 waiting for finetune pid [34940, 68200]
2026-10-01 04:33:17 waiting for finetune pid [34940, 68200]
2026-10-01 04:34:17 waiting for finetune pid [34940, 68200]
2026-10-01 04:35:17 waiting for finetune pid [34940, 68200]
2026-10-01 04:36:17 waiting for finetune pid [34940, 68200]
2026-10-01 04:37:18 waiting for finetune pid [34940, 68200]
2026-10-01 04:38:18 waiting for finetune pid [34940, 68200]
2026-10-01 04:39:18 waiting for finetune pid [34940, 68200]
2026-10-01 04:40:19 waiting for finetune pid [34940, 68200]
2026-10-01 04:41:19 waiting for finetune pid [34940, 68200]
2026-10-01 04:42:19 waiting for finetune pid [34940, 68200]
2026-10-01 04:43:20 waiting for finetune pid [34940, 68200]
2026-10-01 04:44:20 waiting for finetune pid [34940, 68200]
2026-10-01 04:45:20 waiting for finetune pid [34940, 68200]
2026-10-01 04:46:20 waiting for finetune pid [34940, 68200]
2026-10-01 04:47:21 waiting for finetune pid [34940, 68200]
2026-10-01 04:48:21 waiting for finetune pid [34940, 68200]
2026-10-01 04:49:21 waiting for finetune pid [34940, 68200]
2026-10-01 04:50:22 waiting for finetune pid [34940, 68200]
2026-10-01 04:51:22 waiting for finetune pid [34940, 68200]
2026-10-01 04:52:22 waiting for finetune pid [34940, 68200]
2026-10-01 04:53:23 waiting for finetune pid [34940, 68200]
2026-10-01 04:54:23 waiting for finetune pid [34940, 68200]
2026-10-01 04:55:23 waiting for finetune pid [34940, 68200]
2026-10-01 04:56:23 waiting for finetune pid [34940, 68200]
2026-10-01 04:57:24 waiting for finetune pid [34940, 68200]
2026-10-01 04:58:24 waiting for finetune pid [34940, 68200]
2026-10-01 04:59:24 waiting for finetune pid [34940, 68200]
2026-10-01 05:00:25 waiting for finetune pid [34940, 68200]
2026-10-01 05:01:25 waiting for finetune pid [34940, 68200]
2026-10-01 05:02:25 waiting for finetune pid [34940, 68200]
2026-10-01 05:03:26 waiting for finetune pid [34940, 68200]
2026-10-01 05:04:26 waiting for finetune pid [34940, 68200]
2026-10-01 05:05:26 waiting for finetune pid [34940, 68200]
2026-10-01 05:06:27 waiting for finetune pid [34940, 68200]
2026-10-01 05:07:27 waiting for finetune pid [34940, 68200]
2026-10-01 05:08:27 waiting for finetune pid [34940, 68200]
2026-10-01 05:09:27 waiting for finetune pid [34940, 68200]
2026-10-01 05:10:28 waiting for finetune pid [34940, 68200]
2026-10-01 05:11:28 waiting for finetune pid [34940, 68200]
2026-10-01 05:12:28 waiting for finetune pid [34940, 68200]
2026-10-01 05:13:29 waiting for finetune pid [34940, 68200]
2026-10-01 05:14:29 waiting for finetune pid [34940, 68200]
2026-10-01 05:15:29 waiting for finetune pid [34940, 68200]
2026-10-01 05:16:30 waiting for finetune pid [34940, 68200]
2026-10-01 05:17:30 waiting for finetune pid [34940, 68200]
2026-10-01 05:18:30 waiting for finetune pid [34940, 68200]
2026-10-01 05:19:30 waiting for finetune pid [34940, 68200]
2026-10-01 05:20:31 waiting for finetune pid [34940, 68200]
2026-10-01 05:21:31 waiting for finetune pid [34940, 68200]
2026-10-01 05:22:31 waiting for finetune pid [34940, 68200]
2026-10-01 05:23:32 waiting for finetune pid [34940, 68200]
2026-10-01 05:24:32 waiting for finetune pid [34940, 68200]
2026-10-01 05:25:32 waiting for finetune pid [34940, 68200]
2026-10-01 05:26:33 waiting for finetune pid [34940, 68200]
2026-10-01 05:27:33 waiting for finetune pid [34940, 68200]
2026-10-01 05:28:33 waiting for finetune pid [34940, 68200]
2026-10-01 05:29:33 waiting for finetune pid [34940, 68200]
2026-10-01 05:30:34 waiting for finetune pid [34940, 68200]
2026-10-01 05:31:34 waiting for finetune pid [34940, 68200]
2026-10-01 05:32:34 waiting for finetune pid [34940, 68200]
2026-10-01 05:33:35 waiting for finetune pid [34940, 68200]
2026-10-01 05:34:35 waiting for finetune pid [34940, 68200]
2026-10-01 05:35:35 waiting for finetune pid [34940, 68200]
2026-10-01 05:36:36 waiting for finetune pid [34940, 68200]
2026-10-01 05:37:36 waiting for finetune pid [34940, 68200]
2026-10-01 05:38:36 waiting for finetune pid [34940, 68200]
2026-10-01 05:39:37 waiting for finetune pid [34940, 68200]
2026-10-01 05:40:37 waiting for finetune pid [34940, 68200]
2026-10-01 05:41:37 waiting for finetune pid [34940, 68200]
2026-10-01 05:42:37 waiting for finetune pid [34940, 68200]
2026-10-01 05:43:38 waiting for finetune pid [34940, 68200]
2026-10-01 05:44:38 waiting for finetune pid [34940, 68200]
2026-10-01 05:45:38 waiting for finetune pid [34940, 68200]
2026-10-01 05:46:39 waiting for finetune pid [34940, 68200]
2026-10-01 05:47:39 waiting for finetune pid [34940, 68200]
2026-10-01 05:48:39 waiting for finetune pid [34940, 68200]
2026-10-01 05:49:40 waiting for finetune pid [34940, 68200]
2026-10-01 05:50:40 waiting for finetune pid [34940, 68200]
2026-10-01 05:51:40 waiting for finetune pid [34940, 68200]
2026-10-01 05:52:40 waiting for finetune pid [34940, 68200]
2026-10-01 05:53:41 waiting for finetune pid [34940, 68200]
2026-10-01 05:54:41 waiting for finetune pid [34940, 68200]
2026-10-01 05:55:41 waiting for finetune pid [34940, 68200]
2026-10-01 05:56:42 waiting for finetune pid [34940, 68200]
2026-10-01 05:57:42 waiting for finetune pid [34940, 68200]
2026-10-01 05:58:42 waiting for finetune pid [34940, 68200]
2026-10-01 05:59:43 waiting for finetune pid [34940, 68200]
2026-10-01 06:00:43 waiting for finetune pid [34940, 68200]
2026-10-01 06:01:43 waiting for finetune pid [34940, 68200]
2026-10-01 06:02:43 waiting for finetune pid [34940, 68200]
2026-10-01 06:03:44 waiting for finetune pid [34940, 68200]
2026-10-01 06:04:44 waiting for finetune pid [34940, 68200]
2026-10-01 06:05:44 waiting for finetune pid [34940, 68200]
2026-10-01 06:06:45 waiting for finetune pid [34940, 68200]
2026-10-01 06:07:45 waiting for finetune pid [34940, 68200]
2026-10-01 06:08:45 waiting for finetune pid [34940, 68200]
2026-10-01 06:09:46 waiting for finetune pid [34940, 68200]
2026-10-01 06:10:46 waiting for finetune pid [34940, 68200]
2026-10-01 06:11:46 waiting for finetune pid [34940, 68200]
2026-10-01 06:12:46 waiting for finetune pid [34940, 68200]
2026-10-01 06:13:47 waiting for finetune pid [34940, 68200]
2026-10-01 06:14:47 waiting for finetune pid [34940, 68200]
2026-10-01 06:15:47 waiting for finetune pid [34940, 68200]
2026-10-01 06:16:48 waiting for finetune pid [34940, 68200]
2026-10-01 06:17:48 waiting for finetune pid [34940, 68200]
2026-10-01 06:18:48 waiting for finetune pid [34940, 68200]
2026-10-01 06:19:49 waiting for finetune pid [34940, 68200]
2026-10-01 06:20:49 waiting for finetune pid [34940, 68200]
2026-10-01 06:21:49 waiting for finetune pid [34940, 68200]
2026-10-01 06:22:50 waiting for finetune pid [34940, 68200]
2026-10-01 06:23:50 waiting for finetune pid [34940, 68200]
2026-10-01 06:24:50 waiting for finetune pid [34940, 68200]
2026-10-01 06:25:50 waiting for finetune pid [34940, 68200]
2026-10-01 06:26:51 waiting for finetune pid [34940, 68200]
2026-10-01 06:27:51 waiting for finetune pid [34940, 68200]
2026-10-01 06:28:51 waiting for finetune pid [34940, 68200]
2026-10-01 06:29:52 waiting for finetune pid [34940, 68200]
2026-10-01 06:30:52 waiting for finetune pid [34940, 68200]
2026-10-01 06:31:52 waiting for finetune pid [34940, 68200]
2026-10-01 06:32:53 waiting for finetune pid [34940, 68200]
2026-10-01 06:33:53 waiting for finetune pid [34940, 68200]
2026-10-01 06:34:53 waiting for finetune pid [34940, 68200]
2026-10-01 06:35:53 waiting for finetune pid [34940, 68200]
2026-10-01 06:36:54 waiting for finetune pid [34940, 68200]
2026-10-01 06:37:54 waiting for finetune pid [34940, 68200]
2026-10-01 06:38:54 waiting for finetune pid [34940, 68200]
2026-10-01 06:39:55 waiting for finetune pid [34940, 68200]
2026-10-01 06:40:55 waiting for finetune pid [34940, 68200]
2026-10-01 06:41:55 waiting for finetune pid [34940, 68200]
2026-10-01 06:42:56 waiting for finetune pid [34940, 68200]
2026-10-01 06:43:56 waiting for finetune pid [34940, 68200]
2026-10-01 06:44:56 waiting for finetune pid [34940, 68200]
2026-10-01 06:45:57 waiting for finetune pid [34940, 68200]
2026-10-01 06:46:57 waiting for finetune pid [34940, 68200]
2026-10-01 06:47:57 waiting for finetune pid [34940, 68200]
2026-10-01 06:48:58 waiting for finetune pid [34940, 68200]
2026-10-01 06:49:58 waiting for finetune pid [34940, 68200]
2026-10-01 06:50:58 waiting for finetune pid [34940, 68200]
2026-10-01 06:51:59 waiting for finetune pid [34940, 68200]
2026-10-01 06:52:59 waiting for finetune pid [34940, 68200]
2026-10-01 06:53:59 waiting for finetune pid [34940, 68200]
2026-10-01 06:54:59 waiting for finetune pid [34940, 68200]
2026-10-01 06:56:00 waiting for finetune pid [34940, 68200]
2026-10-01 06:57:00 waiting for finetune pid [34940, 68200]
2026-10-01 06:58:00 waiting for finetune pid [34940, 68200]
2026-10-01 06:59:01 waiting for finetune pid [34940, 68200]
2026-10-01 07:00:01 waiting for finetune pid [34940, 68200]
2026-10-01 07:01:01 waiting for finetune pid [34940, 68200]
2026-10-01 07:02:02 waiting for finetune pid [34940, 68200]
2026-10-01 07:03:02 waiting for finetune pid [34940, 68200]
2026-10-01 07:04:02 waiting for finetune pid [34940, 68200]
2026-10-01 07:05:02 waiting for finetune pid [34940, 68200]
2026-10-01 07:06:03 waiting for finetune pid [34940, 68200]
2026-10-01 07:07:03 waiting for finetune pid [34940, 68200]
2026-10-01 07:08:03 waiting for finetune pid [34940, 68200]
2026-10-01 07:09:04 waiting for finetune pid [34940, 68200]
2026-10-01 07:10:04 waiting for finetune pid [34940, 68200]
2026-10-01 07:11:04 waiting for finetune pid [34940, 68200]
2026-10-01 07:12:05 waiting for finetune pid [34940, 68200]
2026-10-01 07:13:05 waiting for finetune pid [34940, 68200]
2026-10-01 07:14:05 waiting for finetune pid [34940, 68200]
2026-10-01 07:15:06 waiting for finetune pid [34940, 68200]
2026-10-01 07:16:06 waiting for finetune pid [34940, 68200]
2026-10-01 07:17:06 waiting for finetune pid [34940, 68200]
2026-10-01 07:18:06 waiting for finetune pid [34940, 68200]
2026-10-01 07:19:07 waiting for finetune pid [34940, 68200]
2026-10-01 07:20:07 waiting for finetune pid [34940, 68200]
2026-10-01 07:21:07 waiting for finetune pid [34940, 68200]
2026-10-01 07:22:08 waiting for finetune pid [34940, 68200]
2026-10-01 07:23:08 waiting for finetune pid [34940, 68200]
2026-10-01 07:24:08 waiting for finetune pid [34940, 68200]
2026-10-01 07:25:09 waiting for finetune pid [34940, 68200]
2026-10-01 07:26:09 waiting for finetune pid [34940, 68200]
2026-10-01 07:27:09 waiting for finetune pid [34940, 68200]
2026-10-01 07:28:09 waiting for finetune pid [34940, 68200]
2026-10-01 07:29:10 waiting for finetune pid [34940, 68200]
2026-10-01 07:30:10 waiting for finetune pid [34940, 68200]
2026-10-01 07:31:10 waiting for finetune pid [34940, 68200]
2026-10-01 07:32:11 waiting for finetune pid [34940, 68200]
2026-10-01 07:33:11 waiting for finetune pid [34940, 68200]
2026-10-01 07:34:11 waiting for finetune pid [34940, 68200]
2026-10-01 07:35:12 waiting for finetune pid [34940, 68200]
2026-10-01 07:36:12 waiting for finetune pid [34940, 68200]
2026-10-01 07:37:12 waiting for finetune pid [34940, 68200]
2026-10-01 07:38:13 waiting for finetune pid [34940, 68200]
2026-10-01 07:39:13 waiting for finetune pid [34940, 68200]
2026-10-01 07:40:13 waiting for finetune pid [34940, 68200]
2026-10-01 07:41:13 waiting for finetune pid [34940, 68200]
2026-10-01 07:42:14 waiting for finetune pid [34940, 68200]
2026-10-01 07:43:14 waiting for finetune pid [34940, 68200]
2026-10-01 07:44:14 waiting for finetune pid [34940, 68200]
2026-10-01 07:45:15 waiting for finetune pid [34940, 68200]
2026-10-01 07:46:15 waiting for finetune pid [34940, 68200]
2026-10-01 07:47:15 waiting for finetune pid [34940, 68200]
2026-10-01 07:48:16 waiting for finetune pid [34940, 68200]
2026-10-01 07:49:16 waiting for finetune pid [34940, 68200]
2026-10-01 07:50:16 waiting for finetune pid [34940, 68200]
2026-10-01 07:51:17 waiting for finetune pid [34940, 68200]
2026-10-01 07:52:17 waiting for finetune pid [34940, 68200]
2026-10-01 07:53:17 waiting for finetune pid [34940, 68200]
2026-10-01 07:54:17 waiting for finetune pid [34940, 68200]
2026-10-01 07:55:18 waiting for finetune pid [34940, 68200]
2026-10-01 07:56:18 waiting for finetune pid [34940, 68200]
2026-10-01 07:57:18 waiting for finetune pid [34940, 68200]
2026-10-01 07:58:19 waiting for finetune pid [34940, 68200]
2026-10-01 07:59:19 waiting for finetune pid [34940, 68200]
2026-10-01 08:00:19 waiting for finetune pid [34940, 68200]
2026-10-01 08:01:20 waiting for finetune pid [34940, 68200]
2026-10-01 08:02:20 waiting for finetune pid [34940, 68200]
2026-10-01 08:03:20 waiting for finetune pid [34940, 68200]
2026-10-01 08:04:21 waiting for finetune pid [34940, 68200]
2026-10-01 08:05:21 waiting for finetune pid [34940, 68200]
2026-10-01 08:06:21 waiting for finetune pid [34940, 68200]
2026-10-01 08:07:22 waiting for finetune pid [34940, 68200]
2026-10-01 08:08:22 waiting for finetune pid [34940, 68200]
2026-10-01 08:09:22 waiting for finetune pid [34940, 68200]
2026-10-01 08:10:22 waiting for finetune pid [34940, 68200]
2026-10-01 08:11:23 waiting for finetune pid [34940, 68200]
2026-10-01 08:12:23 waiting for finetune pid [34940, 68200]
2026-10-01 08:13:23 waiting for finetune pid [34940, 68200]
2026-10-01 08:14:24 waiting for finetune pid [34940, 68200]
2026-10-01 08:15:24 waiting for finetune pid [34940, 68200]
2026-10-01 08:16:24 waiting for finetune pid [34940, 68200]
2026-10-01 08:17:25 waiting for finetune pid [34940, 68200]
2026-10-01 08:18:25 waiting for finetune pid [34940, 68200]
2026-10-01 08:19:25 waiting for finetune pid [34940, 68200]
2026-10-01 08:20:26 waiting for finetune pid [34940, 68200]
2026-10-01 08:21:26 waiting for finetune pid [34940, 68200]
2026-10-01 08:22:26 waiting for finetune pid [34940, 68200]
2026-10-01 08:23:26 waiting for finetune pid [34940, 68200]
2026-10-01 08:24:27 waiting for finetune pid [34940, 68200]
2026-10-01 08:25:27 waiting for finetune pid [34940, 68200]
2026-10-01 08:26:27 waiting for finetune pid [34940, 68200]
2026-10-01 08:27:28 waiting for finetune pid [34940, 68200]
2026-10-01 08:28:28 waiting for finetune pid [34940, 68200]
2026-10-01 08:29:28 waiting for finetune pid [34940, 68200]
2026-10-01 08:30:29 waiting for finetune pid [34940, 68200]
2026-10-01 08:31:29 waiting for finetune pid [34940, 68200]
2026-10-01 08:32:29 waiting for finetune pid [34940, 68200]
2026-10-01 08:33:30 waiting for finetune pid [34940, 68200]
2026-10-01 08:34:30 waiting for finetune pid [34940, 68200]
2026-10-01 08:35:30 waiting for finetune pid [34940, 68200]
2026-10-01 08:36:30 waiting for finetune pid [34940, 68200]
2026-10-01 08:37:31 waiting for finetune pid [34940, 68200]
2026-10-01 08:38:31 waiting for finetune pid [34940, 68200]
2026-10-01 08:39:31 waiting for finetune pid [34940, 68200]
2026-10-01 08:40:32 waiting for finetune pid [34940, 68200]
2026-10-01 08:41:32 waiting for finetune pid [34940, 68200]
2026-10-01 08:42:32 waiting for finetune pid [34940, 68200]
2026-10-01 08:43:33 waiting for finetune pid [34940, 68200]
2026-10-01 08:44:33 waiting for finetune pid [34940, 68200]
2026-10-01 08:45:33 waiting for finetune pid [34940, 68200]
2026-10-01 08:46:34 waiting for finetune pid [34940, 68200]
2026-10-01 08:47:34 waiting for finetune pid [34940, 68200]
2026-10-01 08:48:34 waiting for finetune pid [34940, 68200]
2026-10-01 08:49:34 waiting for finetune pid [34940, 68200]
2026-10-01 08:50:35 waiting for finetune pid [34940, 68200]
2026-10-01 08:51:35 waiting for finetune pid [34940, 68200]
2026-10-01 08:52:35 waiting for finetune pid [34940, 68200]
2026-10-01 08:53:36 waiting for finetune pid [34940, 68200]
2026-10-01 08:54:36 waiting for finetune pid [34940, 68200]
2026-10-01 08:55:36 waiting for finetune pid [34940, 68200]
2026-10-01 08:56:37 waiting for finetune pid [34940, 68200]
2026-10-01 08:57:37 waiting for finetune pid [34940, 68200]
2026-10-01 08:58:37 waiting for finetune pid [34940, 68200]
2026-10-01 08:59:38 waiting for finetune pid [34940, 68200]
2026-10-01 09:00:38 waiting for finetune pid [34940, 68200]
2026-10-01 09:01:38 waiting for finetune pid [34940, 68200]
2026-10-01 09:02:38 waiting for finetune pid [34940, 68200]
2026-10-01 09:03:39 waiting for finetune pid [34940, 68200]
2026-10-01 09:04:39 waiting for finetune pid [34940, 68200]
2026-10-01 09:05:39 waiting for finetune pid [34940, 68200]
2026-10-01 09:06:40 waiting for finetune pid [34940, 68200]
2026-10-01 09:07:40 waiting for finetune pid [34940, 68200]
2026-10-01 09:08:40 waiting for finetune pid [34940, 68200]
2026-10-01 09:09:41 waiting for finetune pid [34940, 68200]
2026-10-01 09:10:41 waiting for finetune pid [34940, 68200]
2026-10-01 09:11:41 waiting for finetune pid [34940, 68200]
2026-10-01 09:12:42 waiting for finetune pid [34940, 68200]
2026-10-01 09:13:42 waiting for finetune pid [34940, 68200]
2026-10-01 09:14:42 waiting for finetune pid [34940, 68200]
2026-10-01 09:15:42 waiting for finetune pid [34940, 68200]
2026-10-01 09:16:43 waiting for finetune pid [34940, 68200]
2026-10-01 09:17:43 waiting for finetune pid [34940, 68200]
2026-10-01 09:18:43 waiting for finetune pid [34940, 68200]
2026-10-01 09:19:44 waiting for finetune pid [34940, 68200]
2026-10-01 09:20:44 waiting for finetune pid [34940, 68200]
2026-10-01 09:21:44 waiting for finetune pid [34940, 68200]
2026-10-01 09:22:45 waiting for finetune pid [34940, 68200]
2026-10-01 09:23:45 waiting for finetune pid [34940, 68200]
2026-10-01 09:24:45 waiting for finetune pid [34940, 68200]
2026-10-01 09:25:46 waiting for finetune pid [34940, 68200]
2026-10-01 09:26:46 waiting for finetune pid [34940, 68200]
2026-10-01 09:27:46 waiting for finetune pid [34940, 68200]
2026-10-01 09:28:46 waiting for finetune pid [34940, 68200]
2026-10-01 09:29:47 waiting for finetune pid [34940, 68200]
2026-10-01 09:30:47 waiting for finetune pid [34940, 68200]
2026-10-01 09:31:47 waiting for finetune pid [34940, 68200]
2026-10-01 09:32:48 waiting for finetune pid [34940, 68200]
2026-10-01 09:33:48 waiting for finetune pid [34940, 68200]
2026-10-01 09:34:48 waiting for finetune pid [34940, 68200]
2026-10-01 09:35:49 waiting for finetune pid [34940, 68200]
2026-10-01 09:36:49 waiting for finetune pid [34940, 68200]
2026-10-01 09:37:49 waiting for finetune pid [34940, 68200]
2026-10-01 09:38:50 waiting for finetune pid [34940, 68200]
2026-10-01 09:39:50 waiting for finetune pid [34940, 68200]
2026-10-01 09:40:50 waiting for finetune pid [34940, 68200]
2026-10-01 09:41:50 waiting for finetune pid [34940, 68200]
2026-10-01 09:42:51 waiting for finetune pid [34940, 68200]
2026-10-01 09:43:51 waiting for finetune pid [34940, 68200]
2026-10-01 09:44:51 waiting for finetune pid [34940, 68200]
2026-10-01 09:45:52 waiting for finetune pid [34940, 68200]
2026-10-01 09:46:52 waiting for finetune pid [34940, 68200]
2026-10-01 09:47:52 gpu free; building the no-SaaStr X-capped file
2026-10-01 09:47:53 balanced dataset {'rows_in': 42877, 'rows_out': 31874, 'blog_rows': 14586, 'x_rows_kept': 14586, 'x_documents_kept': 14405, 'dropped_youtube_saastr': 5492} -> C:\Users\okevi\SJSU\DATA298\298P\host_finetune\data\dataset_fit512_no_saastr_xcap.jsonl
2026-10-01 09:48:34 starting balanced-r16 -> C:\Users\okevi\SJSU\DATA298\298P\experiments\EXP-20261001-004-balanced-qlora\raw\train.log
2026-10-01 13:46:12 finished balanced-r16
2026-10-01 13:46:12 starting balanced-r32 -> C:\Users\okevi\SJSU\DATA298\298P\experiments\EXP-20261001-005-lora-r32\raw\train.log
2026-10-01 17:44:16 finished balanced-r32
2026-10-01 17:44:16 queue complete
